============================= test session starts =============================
platform win32 -- Python 3.12.0, pytest-8.3.4, pluggy-1.5.0 -- C:\Users\i\CascadeProjects\celebration-poc\api\venv\Scripts\python.exe
cachedir: .pytest_cache
rootdir: C:\Users\i\CascadeProjects\celebration-poc\api
plugins: anyio-4.8.0
collecting ... collected 5 items

tests/test_event_creation.py::test_create_simple_event Starting test_create_simple_event
Event data: name='Test Event' start_time=datetime.datetime(2025, 2, 9, 15, 25, 37, 312409) duration=60 is_recurring=False recurring_days=None
Created event: <Event Test Event>
test_create_simple_event completed successfully
PASSED
tests/test_event_creation.py::test_event_time_conflict Starting test_event_time_conflict
test_event_time_conflict completed successfully
PASSED
tests/test_event_creation.py::test_recurring_event_creation Starting test_recurring_event_creation
FAILED
tests/test_event_creation.py::test_invalid_recurring_event Starting test_invalid_recurring_event
FAILED
tests/test_event_creation.py::test_event_duration_validation Starting test_event_duration_validation
FAILED

================================== FAILURES ===================================
________________________ test_recurring_event_creation ________________________

self = <sqlalchemy.engine.base.Connection object at 0x00000146D1C91700>
dialect = <sqlalchemy.dialects.sqlite.pysqlite.SQLiteDialect_pysqlite object at 0x00000146D1C91E80>
context = <sqlalchemy.dialects.sqlite.base.SQLiteExecutionContext object at 0x00000146D1C93560>
statement = <sqlalchemy.dialects.sqlite.base.SQLiteCompiler object at 0x00000146D1C938C0>
parameters = [('Weekly Meeting', '2025-02-09 15:25:37.329377', 90, 1, ['MO', 'WE', 'FR'])]

    def _exec_single_context(
        self,
        dialect: Dialect,
        context: ExecutionContext,
        statement: Union[str, Compiled],
        parameters: Optional[_AnyMultiExecuteParams],
    ) -> CursorResult[Any]:
        """continue the _execute_context() method for a single DBAPI
        cursor.execute() or cursor.executemany() call.
    
        """
        if dialect.bind_typing is BindTyping.SETINPUTSIZES:
            generic_setinputsizes = context._prepare_set_input_sizes()
    
            if generic_setinputsizes:
                try:
                    dialect.do_set_input_sizes(
                        context.cursor, generic_setinputsizes, context
                    )
                except BaseException as e:
                    self._handle_dbapi_exception(
                        e, str(statement), parameters, None, context
                    )
    
        cursor, str_statement, parameters = (
            context.cursor,
            context.statement,
            context.parameters,
        )
    
        effective_parameters: Optional[_AnyExecuteParams]
    
        if not context.executemany:
            effective_parameters = parameters[0]
        else:
            effective_parameters = parameters
    
        if self._has_events or self.engine._has_events:
            for fn in self.dispatch.before_cursor_execute:
                str_statement, effective_parameters = fn(
                    self,
                    cursor,
                    str_statement,
                    effective_parameters,
                    context,
                    context.executemany,
                )
    
        if self._echo:
            self._log_info(str_statement)
    
            stats = context._get_cache_stats()
    
            if not self.engine.hide_parameters:
                self._log_info(
                    "[%s] %r",
                    stats,
                    sql_util._repr_params(
                        effective_parameters,
                        batches=10,
                        ismulti=context.executemany,
                    ),
                )
            else:
                self._log_info(
                    "[%s] [SQL parameters hidden due to hide_parameters=True]",
                    stats,
                )
    
        evt_handled: bool = False
        try:
            if context.execute_style is ExecuteStyle.EXECUTEMANY:
                effective_parameters = cast(
                    "_CoreMultiExecuteParams", effective_parameters
                )
                if self.dialect._has_events:
                    for fn in self.dialect.dispatch.do_executemany:
                        if fn(
                            cursor,
                            str_statement,
                            effective_parameters,
                            context,
                        ):
                            evt_handled = True
                            break
                if not evt_handled:
                    self.dialect.do_executemany(
                        cursor,
                        str_statement,
                        effective_parameters,
                        context,
                    )
            elif not effective_parameters and context.no_parameters:
                if self.dialect._has_events:
                    for fn in self.dialect.dispatch.do_execute_no_params:
                        if fn(cursor, str_statement, context):
                            evt_handled = True
                            break
                if not evt_handled:
                    self.dialect.do_execute_no_params(
                        cursor, str_statement, context
                    )
            else:
                effective_parameters = cast(
                    "_CoreSingleExecuteParams", effective_parameters
                )
                if self.dialect._has_events:
                    for fn in self.dialect.dispatch.do_execute:
                        if fn(
                            cursor,
                            str_statement,
                            effective_parameters,
                            context,
                        ):
                            evt_handled = True
                            break
                if not evt_handled:
>                   self.dialect.do_execute(
                        cursor, str_statement, effective_parameters, context
                    )

venv\Lib\site-packages\sqlalchemy\engine\base.py:1969: 
_ _ _ _ _ _ _ _ _ _ _ _ _ _ _ _ _ _ _ _ _ _ _ _ _ _ _ _ _ _ _ _ _ _ _ _ _ _ _ _

self = <sqlalchemy.dialects.sqlite.pysqlite.SQLiteDialect_pysqlite object at 0x00000146D1C91E80>
cursor = <sqlite3.Cursor object at 0x00000146D1B2E140>
statement = 'INSERT INTO events (name, start_time, duration, is_recurring, recurring_days) VALUES (?, ?, ?, ?, ?)'
parameters = ('Weekly Meeting', '2025-02-09 15:25:37.329377', 90, 1, ['MO', 'WE', 'FR'])
context = <sqlalchemy.dialects.sqlite.base.SQLiteExecutionContext object at 0x00000146D1C93560>

    def do_execute(self, cursor, statement, parameters, context=None):
>       cursor.execute(statement, parameters)
E       sqlite3.ProgrammingError: Error binding parameter 5: type 'list' is not supported

venv\Lib\site-packages\sqlalchemy\engine\default.py:922: ProgrammingError

The above exception was the direct cause of the following exception:

db_session = <sqlalchemy.orm.session.Session object at 0x00000146D1C18470>

    def test_recurring_event_creation(db_session: Session):
        """Test creating a recurring event"""
        print("Starting test_recurring_event_creation")
        event_service = EventService(db_session)
    
        recurring_event = EventCreate(
            name="Weekly Meeting",
            start_time=datetime.now(),
            duration=90,
            is_recurring=True,
            recurring_days=["MO", "WE", "FR"]
        )
    
>       created_event = event_service.create_event(recurring_event)

tests\test_event_creation.py:76: 
_ _ _ _ _ _ _ _ _ _ _ _ _ _ _ _ _ _ _ _ _ _ _ _ _ _ _ _ _ _ _ _ _ _ _ _ _ _ _ _
app\services\event_service.py:48: in create_event
    self.db.commit()
venv\Lib\site-packages\sqlalchemy\orm\session.py:1969: in commit
    trans.commit(_to_root=True)
<string>:2: in commit
    ???
venv\Lib\site-packages\sqlalchemy\orm\state_changes.py:139: in _go
    ret_value = fn(self, *arg, **kw)
venv\Lib\site-packages\sqlalchemy\orm\session.py:1256: in commit
    self._prepare_impl()
<string>:2: in _prepare_impl
    ???
venv\Lib\site-packages\sqlalchemy\orm\state_changes.py:139: in _go
    ret_value = fn(self, *arg, **kw)
venv\Lib\site-packages\sqlalchemy\orm\session.py:1231: in _prepare_impl
    self.session.flush()
venv\Lib\site-packages\sqlalchemy\orm\session.py:4312: in flush
    self._flush(objects)
venv\Lib\site-packages\sqlalchemy\orm\session.py:4447: in _flush
    with util.safe_reraise():
venv\Lib\site-packages\sqlalchemy\util\langhelpers.py:146: in __exit__
    raise exc_value.with_traceback(exc_tb)
venv\Lib\site-packages\sqlalchemy\orm\session.py:4408: in _flush
    flush_context.execute()
venv\Lib\site-packages\sqlalchemy\orm\unitofwork.py:466: in execute
    rec.execute(self)
venv\Lib\site-packages\sqlalchemy\orm\unitofwork.py:642: in execute
    util.preloaded.orm_persistence.save_obj(
venv\Lib\site-packages\sqlalchemy\orm\persistence.py:93: in save_obj
    _emit_insert_statements(
venv\Lib\site-packages\sqlalchemy\orm\persistence.py:1227: in _emit_insert_statements
    result = connection.execute(
venv\Lib\site-packages\sqlalchemy\engine\base.py:1416: in execute
    return meth(
venv\Lib\site-packages\sqlalchemy\sql\elements.py:517: in _execute_on_connection
    return connection._execute_clauseelement(
venv\Lib\site-packages\sqlalchemy\engine\base.py:1639: in _execute_clauseelement
    ret = self._execute_context(
venv\Lib\site-packages\sqlalchemy\engine\base.py:1848: in _execute_context
    return self._exec_single_context(
venv\Lib\site-packages\sqlalchemy\engine\base.py:1988: in _exec_single_context
    self._handle_dbapi_exception(
venv\Lib\site-packages\sqlalchemy\engine\base.py:2344: in _handle_dbapi_exception
    raise sqlalchemy_exception.with_traceback(exc_info[2]) from e
venv\Lib\site-packages\sqlalchemy\engine\base.py:1969: in _exec_single_context
    self.dialect.do_execute(
_ _ _ _ _ _ _ _ _ _ _ _ _ _ _ _ _ _ _ _ _ _ _ _ _ _ _ _ _ _ _ _ _ _ _ _ _ _ _ _

self = <sqlalchemy.dialects.sqlite.pysqlite.SQLiteDialect_pysqlite object at 0x00000146D1C91E80>
cursor = <sqlite3.Cursor object at 0x00000146D1B2E140>
statement = 'INSERT INTO events (name, start_time, duration, is_recurring, recurring_days) VALUES (?, ?, ?, ?, ?)'
parameters = ('Weekly Meeting', '2025-02-09 15:25:37.329377', 90, 1, ['MO', 'WE', 'FR'])
context = <sqlalchemy.dialects.sqlite.base.SQLiteExecutionContext object at 0x00000146D1C93560>

    def do_execute(self, cursor, statement, parameters, context=None):
>       cursor.execute(statement, parameters)
E       sqlalchemy.exc.ProgrammingError: (sqlite3.ProgrammingError) Error binding parameter 5: type 'list' is not supported
E       [SQL: INSERT INTO events (name, start_time, duration, is_recurring, recurring_days) VALUES (?, ?, ?, ?, ?)]
E       [parameters: ('Weekly Meeting', '2025-02-09 15:25:37.329377', 90, 1, ['MO', 'WE', 'FR'])]
E       (Background on this error at: https://sqlalche.me/e/20/f405)

venv\Lib\site-packages\sqlalchemy\engine\default.py:922: ProgrammingError
------------------------------ Captured log call ------------------------------
ERROR    app.services.event_service:event_service.py:56 Unexpected error during event creation: (sqlite3.ProgrammingError) Error binding parameter 5: type 'list' is not supported
[SQL: INSERT INTO events (name, start_time, duration, is_recurring, recurring_days) VALUES (?, ?, ?, ?, ?)]
[parameters: ('Weekly Meeting', '2025-02-09 15:25:37.329377', 90, 1, ['MO', 'WE', 'FR'])]
(Background on this error at: https://sqlalche.me/e/20/f405)
Traceback (most recent call last):
  File "C:\Users\i\CascadeProjects\celebration-poc\api\venv\Lib\site-packages\sqlalchemy\engine\base.py", line 1969, in _exec_single_context
    self.dialect.do_execute(
  File "C:\Users\i\CascadeProjects\celebration-poc\api\venv\Lib\site-packages\sqlalchemy\engine\default.py", line 922, in do_execute
    cursor.execute(statement, parameters)
sqlite3.ProgrammingError: Error binding parameter 5: type 'list' is not supported

The above exception was the direct cause of the following exception:

Traceback (most recent call last):
  File "C:\Users\i\CascadeProjects\celebration-poc\api\app\services\event_service.py", line 48, in create_event
    self.db.commit()
  File "C:\Users\i\CascadeProjects\celebration-poc\api\venv\Lib\site-packages\sqlalchemy\orm\session.py", line 1969, in commit
    trans.commit(_to_root=True)
  File "<string>", line 2, in commit
  File "C:\Users\i\CascadeProjects\celebration-poc\api\venv\Lib\site-packages\sqlalchemy\orm\state_changes.py", line 139, in _go
    ret_value = fn(self, *arg, **kw)
                ^^^^^^^^^^^^^^^^^^^^
  File "C:\Users\i\CascadeProjects\celebration-poc\api\venv\Lib\site-packages\sqlalchemy\orm\session.py", line 1256, in commit
    self._prepare_impl()
  File "<string>", line 2, in _prepare_impl
  File "C:\Users\i\CascadeProjects\celebration-poc\api\venv\Lib\site-packages\sqlalchemy\orm\state_changes.py", line 139, in _go
    ret_value = fn(self, *arg, **kw)
                ^^^^^^^^^^^^^^^^^^^^
  File "C:\Users\i\CascadeProjects\celebration-poc\api\venv\Lib\site-packages\sqlalchemy\orm\session.py", line 1231, in _prepare_impl
    self.session.flush()
  File "C:\Users\i\CascadeProjects\celebration-poc\api\venv\Lib\site-packages\sqlalchemy\orm\session.py", line 4312, in flush
    self._flush(objects)
  File "C:\Users\i\CascadeProjects\celebration-poc\api\venv\Lib\site-packages\sqlalchemy\orm\session.py", line 4447, in _flush
    with util.safe_reraise():
  File "C:\Users\i\CascadeProjects\celebration-poc\api\venv\Lib\site-packages\sqlalchemy\util\langhelpers.py", line 146, in __exit__
    raise exc_value.with_traceback(exc_tb)
  File "C:\Users\i\CascadeProjects\celebration-poc\api\venv\Lib\site-packages\sqlalchemy\orm\session.py", line 4408, in _flush
    flush_context.execute()
  File "C:\Users\i\CascadeProjects\celebration-poc\api\venv\Lib\site-packages\sqlalchemy\orm\unitofwork.py", line 466, in execute
    rec.execute(self)
  File "C:\Users\i\CascadeProjects\celebration-poc\api\venv\Lib\site-packages\sqlalchemy\orm\unitofwork.py", line 642, in execute
    util.preloaded.orm_persistence.save_obj(
  File "C:\Users\i\CascadeProjects\celebration-poc\api\venv\Lib\site-packages\sqlalchemy\orm\persistence.py", line 93, in save_obj
    _emit_insert_statements(
  File "C:\Users\i\CascadeProjects\celebration-poc\api\venv\Lib\site-packages\sqlalchemy\orm\persistence.py", line 1227, in _emit_insert_statements
    result = connection.execute(
             ^^^^^^^^^^^^^^^^^^^
  File "C:\Users\i\CascadeProjects\celebration-poc\api\venv\Lib\site-packages\sqlalchemy\engine\base.py", line 1416, in execute
    return meth(
           ^^^^^
  File "C:\Users\i\CascadeProjects\celebration-poc\api\venv\Lib\site-packages\sqlalchemy\sql\elements.py", line 517, in _execute_on_connection
    return connection._execute_clauseelement(
           ^^^^^^^^^^^^^^^^^^^^^^^^^^^^^^^^^^
  File "C:\Users\i\CascadeProjects\celebration-poc\api\venv\Lib\site-packages\sqlalchemy\engine\base.py", line 1639, in _execute_clauseelement
    ret = self._execute_context(
          ^^^^^^^^^^^^^^^^^^^^^^
  File "C:\Users\i\CascadeProjects\celebration-poc\api\venv\Lib\site-packages\sqlalchemy\engine\base.py", line 1848, in _execute_context
    return self._exec_single_context(
           ^^^^^^^^^^^^^^^^^^^^^^^^^^
  File "C:\Users\i\CascadeProjects\celebration-poc\api\venv\Lib\site-packages\sqlalchemy\engine\base.py", line 1988, in _exec_single_context
    self._handle_dbapi_exception(
  File "C:\Users\i\CascadeProjects\celebration-poc\api\venv\Lib\site-packages\sqlalchemy\engine\base.py", line 2344, in _handle_dbapi_exception
    raise sqlalchemy_exception.with_traceback(exc_info[2]) from e
  File "C:\Users\i\CascadeProjects\celebration-poc\api\venv\Lib\site-packages\sqlalchemy\engine\base.py", line 1969, in _exec_single_context
    self.dialect.do_execute(
  File "C:\Users\i\CascadeProjects\celebration-poc\api\venv\Lib\site-packages\sqlalchemy\engine\default.py", line 922, in do_execute
    cursor.execute(statement, parameters)
sqlalchemy.exc.ProgrammingError: (sqlite3.ProgrammingError) Error binding parameter 5: type 'list' is not supported
[SQL: INSERT INTO events (name, start_time, duration, is_recurring, recurring_days) VALUES (?, ?, ?, ?, ?)]
[parameters: ('Weekly Meeting', '2025-02-09 15:25:37.329377', 90, 1, ['MO', 'WE', 'FR'])]
(Background on this error at: https://sqlalche.me/e/20/f405)
________________________ test_invalid_recurring_event _________________________

db_session = <sqlalchemy.orm.session.Session object at 0x00000146D1C3BE00>

    def test_invalid_recurring_event(db_session: Session):
        """Test creating a recurring event without specifying days"""
        print("Starting test_invalid_recurring_event")
        event_service = EventService(db_session)
    
>       invalid_recurring_event = EventCreate(
            name="Invalid Recurring Event",
            start_time=datetime.now(),
            duration=60,
            is_recurring=True,
            recurring_days=None
        )
E       pydantic_core._pydantic_core.ValidationError: 1 validation error for EventCreate
E       recurring_days
E         Value error, Days are required for recurring events [type=value_error, input_value=None, input_type=NoneType]
E           For further information visit https://errors.pydantic.dev/2.5/v/value_error

tests\test_event_creation.py:88: ValidationError
_______________________ test_event_duration_validation ________________________

db_session = <sqlalchemy.orm.session.Session object at 0x00000146D1C61220>

    def test_event_duration_validation(db_session: Session):
        """Test event duration constraints"""
        print("Starting test_event_duration_validation")
        event_service = EventService(db_session)
    
        # Test invalid duration (too short)
        with pytest.raises(ValueError):
            EventCreate(
                name="Too Short Event",
                start_time=datetime.now(),
                duration=0,
                is_recurring=False
            )
    
        # Test invalid duration (too long)
>       with pytest.raises(ValueError):
E       Failed: DID NOT RAISE <class 'ValueError'>

tests\test_event_creation.py:115: Failed
============================== warnings summary ===============================
venv\Lib\site-packages\pydantic\_internal\_config.py:271
venv\Lib\site-packages\pydantic\_internal\_config.py:271
  C:\Users\i\CascadeProjects\celebration-poc\api\venv\Lib\site-packages\pydantic\_internal\_config.py:271: PydanticDeprecatedSince20: Support for class-based `config` is deprecated, use ConfigDict instead. Deprecated in Pydantic V2.0 to be removed in V3.0. See Pydantic V2 Migration Guide at https://errors.pydantic.dev/2.5/migration/
    warnings.warn(DEPRECATION_MESSAGE, DeprecationWarning)

-- Docs: https://docs.pytest.org/en/stable/how-to/capture-warnings.html
=========================== short test summary info ===========================
FAILED tests/test_event_creation.py::test_recurring_event_creation - sqlalche...
FAILED tests/test_event_creation.py::test_invalid_recurring_event - pydantic_...
FAILED tests/test_event_creation.py::test_event_duration_validation - Failed:...
=================== 3 failed, 2 passed, 2 warnings in 0.73s ===================
